// Jest Snapshot v1, https://goo.gl/fbAQLP

exports[`<Empty /> should render default 1`] = `
.c0 {
  width: 100%;
  display: -webkit-box;
  display: -webkit-flex;
  display: -ms-flexbox;
  display: flex;
  -webkit-align-items: center;
  -webkit-box-align: center;
  -ms-flex-align: center;
  align-items: center;
}

.c1 {
  margin: 0 auto;
  display: -webkit-box;
  display: -webkit-flex;
  display: -ms-flexbox;
  display: flex;
  -webkit-align-items: center;
  -webkit-box-align: center;
  -ms-flex-align: center;
  align-items: center;
  -webkit-flex-direction: column;
  -ms-flex-direction: column;
  flex-direction: column;
  width: 100%;
  max-width: 40rem;
}

.c1 svg {
  font-size: 6.4rem;
  color: #91AAB4;
}

.c2 {
  font-size: 3.2rem;
  color: #3E606F;
  margin: 1.6rem 0;
}

<div
  class="c0"
>
  <div
    class="c1"
  >
    <svg
      data-testid="empty-icon"
      fill="none"
      height="1em"
      stroke="currentColor"
      stroke-linecap="round"
      stroke-linejoin="round"
      stroke-width="2"
      viewBox="0 0 24 24"
      width="1em"
      xmlns="http://www.w3.org/2000/svg"
    >
      <polyline
        points="22 12 16 12 14 15 10 15 8 12 2 12"
      />
      <path
        d="M5.45 5.11L2 12v6a2 2 0 0 0 2 2h16a2 2 0 0 0 2-2v-6l-3.45-6.89A2 2 0 0 0 16.76 4H7.24a2 2 0 0 0-1.79 1.11z"
      />
    </svg>
    <h2
      class="c2"
    >
      No data
    </h2>
  </div>
</div>
`;
